Standard Commons Logging discovery in action with spring-jcl: please remove commons-logging.jar from classpath in order to avoid potential conflicts

  .   ____          _            __ _ _
 /\\ / ___'_ __ _ _(_)_ __  __ _ \ \ \ \
( ( )\___ | '_ | '_| | '_ \/ _` | \ \ \ \
 \\/  ___)| |_)| | | | | || (_| |  ) ) ) )
  '  |____| .__|_| |_|_| |_\__, | / / / /
 =========|_|==============|___/=/_/_/_/

 :: Spring Boot ::               (v3.5.16)

2026-07-31 15:07:09.714 [background-preinit] INFO  o.h.validator.internal.util.Version [no-trace] - HV000001: Hibernate Validator 8.0.3.Final
2026-07-31 15:07:09.777 [main] INFO  com.moyuyo.api.MoyuyoApplication [no-trace] - Starting MoyuyoApplication v1.0.0 using Java 25.0.3 with PID 7892 (D:\MOYUYOWPC\moyuyo-server\moyuyo-api\target\moyuyo-api-1.0.0.jar started by ASUS in D:\MOYUYOWPC\moyuyo-server)
2026-07-31 15:07:09.778 [main] INFO  com.moyuyo.api.MoyuyoApplication [no-trace] - The following 1 profile is active: "dev"
2026-07-31 15:07:11.918 [main] INFO  o.s.d.r.c.RepositoryConfigurationDelegate [no-trace] - Multiple Spring Data modules found, entering strict repository configuration mode
2026-07-31 15:07:11.923 [main] INFO  o.s.d.r.c.RepositoryConfigurationDelegate [no-trace] - Bootstrapping Spring Data Reactive Elasticsearch repositories in DEFAULT mode.
2026-07-31 15:07:11.959 [main] INFO  o.s.d.r.c.RepositoryConfigurationDelegate [no-trace] - Finished Spring Data repository scanning in 13 ms. Found 0 Reactive Elasticsearch repository interfaces.
2026-07-31 15:07:11.982 [main] INFO  o.s.d.r.c.RepositoryConfigurationDelegate [no-trace] - Multiple Spring Data modules found, entering strict repository configuration mode
2026-07-31 15:07:11.982 [main] INFO  o.s.d.r.c.RepositoryConfigurationDelegate [no-trace] - Bootstrapping Spring Data Redis repositories in DEFAULT mode.
2026-07-31 15:07:11.999 [main] INFO  o.s.d.r.c.RepositoryConfigurationDelegate [no-trace] - Finished Spring Data repository scanning in 1 ms. Found 0 Redis repository interfaces.
2026-07-31 15:07:13.265 [main] INFO  o.s.b.w.e.tomcat.TomcatWebServer [no-trace] - Tomcat initialized with port 8080 (http)
2026-07-31 15:07:13.281 [main] INFO  o.a.coyote.http11.Http11NioProtocol [no-trace] - Initializing ProtocolHandler ["http-nio-8080"]
2026-07-31 15:07:13.284 [main] INFO  o.a.catalina.core.StandardService [no-trace] - Starting service [Tomcat]
2026-07-31 15:07:13.293 [main] INFO  o.a.catalina.core.StandardEngine [no-trace] - Starting Servlet engine: [Apache Tomcat/10.1.55]
2026-07-31 15:07:13.332 [main] INFO  o.a.c.c.C.[Tomcat].[localhost].[/] [no-trace] - Initializing Spring embedded WebApplicationContext
2026-07-31 15:07:13.333 [main] INFO  o.s.b.w.s.c.ServletWebServerApplicationContext [no-trace] - Root WebApplicationContext: initialization completed in 3501 ms
Standard Commons Logging discovery in action with spring-jcl: please remove commons-logging.jar from classpath in order to avoid potential conflicts
Logging initialized using 'class org.apache.ibatis.logging.stdout.StdOutImpl' adapter.
Get /192.168.2.126 network interface 
Get network interface info: name:wireless_32771 (Intel(R) Wi-Fi 6 AX201 160MHz #2)
Initialization Sequence datacenterId:12 workerId:27
 _ _   |_  _ _|_. ___ _ |    _ 
| | |\/|_)(_| | |_\  |_)||_|_\ 
     /               |         
                        3.5.9 
2026-07-31 15:07:15.376 [main] INFO  com.zaxxer.hikari.HikariDataSource [no-trace] - HikariPool-1 - Starting...
2026-07-31 15:07:15.560 [main] INFO  com.zaxxer.hikari.pool.HikariPool [no-trace] - HikariPool-1 - Added connection com.mysql.cj.jdbc.ConnectionImpl@5c452e69
2026-07-31 15:07:15.562 [main] INFO  com.zaxxer.hikari.HikariDataSource [no-trace] - HikariPool-1 - Start completed.
2026-07-31 15:07:15.627 [main] INFO  org.flywaydb.core.FlywayExecutor [no-trace] - Database: jdbc:mysql://localhost:3306/moyuyo_dev?useSSL=false&serverTimezone=Asia/Shanghai&allowPublicKeyRetrieval=true&characterEncoding=UTF-8 (MySQL 5.5)
2026-07-31 15:07:15.677 [main] INFO  o.f.c.i.s.JdbcTableSchemaHistory [no-trace] - Repair of failed migration in Schema History table `moyuyo_dev`.`schema_history` not necessary. No failed migration detected.
2026-07-31 15:07:15.700 [main] INFO  o.f.core.internal.command.DbRepair [no-trace] - Successfully repaired schema history table `moyuyo_dev`.`schema_history` (execution time 00:00.050s).
2026-07-31 15:07:15.764 [main] INFO  o.f.core.internal.command.DbMigrate [no-trace] - Current version of schema `moyuyo_dev`: 20260731.02
2026-07-31 15:07:15.769 [main] INFO  o.f.core.internal.command.DbMigrate [no-trace] - Schema `moyuyo_dev` is up to date. No migration necessary.
2026-07-31 15:07:20.519 [main] INFO  o.s.b.a.e.web.EndpointLinksResolver [no-trace] - Exposing 1 endpoint beneath base path '/actuator'
2026-07-31 15:07:20.640 [main] INFO  o.a.coyote.http11.Http11NioProtocol [no-trace] - Starting ProtocolHandler ["http-nio-8080"]
2026-07-31 15:07:20.661 [main] WARN  o.s.b.w.s.c.AnnotationConfigServletWebServerApplicationContext [no-trace] - Exception encountered during context initialization - cancelling refresh attempt: org.springframework.context.ApplicationContextException: Failed to start bean 'webServerStartStop'
2026-07-31 15:07:20.671 [main] INFO  com.zaxxer.hikari.HikariDataSource [no-trace] - HikariPool-1 - Shutdown initiated...
2026-07-31 15:07:20.678 [main] INFO  com.zaxxer.hikari.HikariDataSource [no-trace] - HikariPool-1 - Shutdown completed.
2026-07-31 15:07:20.713 [main] INFO  o.s.b.a.l.ConditionEvaluationReportLogger [no-trace] - 

Error starting ApplicationContext. To display the condition evaluation report re-run your application with 'debug' enabled.
2026-07-31 15:07:20.763 [main] ERROR o.s.b.d.LoggingFailureAnalysisReporter [no-trace] - 

***************************
APPLICATION FAILED TO START
***************************

Description:

Web server failed to start. Port 8080 was already in use.

Action:

Identify and stop the process that's listening on port 8080 or configure this application to listen on another port.

